MO readMem NULL ../../../Downloads/readMem.v vlg7B/read_mem.bin 1532986636
MO draw_rectangle NULL ../ProyectoJuego/draw_rectangle.v vlg46/draw__rectangle.bin 1532986636
MO hvsync_generator NULL ../ProyectoJuego/hvsync_generator.v vlg51/hvsync__generator.bin 1532986636
MO RomTest NULL ../../../Downloads/RomTest.v vlg0E/_rom_test.bin 1532986636
